Copyright 1986-2022 Xilinx, Inc. All Rights Reserved. Copyright 2022-2024 Advanced Micro Devices, Inc. All Rights Reserved.
------------------------------------------------------------------------------------------------------------------------------------------------------------------------------
| Tool Version : Vivado v.2024.2 (win64) Build 5239630 Fri Nov 08 22:35:27 MST 2024
| Date         : Wed Aug  6 16:02:44 2025
| Host         : Jagga running 64-bit major release  (build 9200)
| Command      : report_bus_skew -warn_on_violation -file UP_DOWN_Counter_bus_skew_routed.rpt -pb UP_DOWN_Counter_bus_skew_routed.pb -rpx UP_DOWN_Counter_bus_skew_routed.rpx
| Design       : UP_DOWN_Counter
| Device       : 7a35tl-csg325
| Speed File   : -2L  PRODUCTION 1.14 2018-01-25
| Design State : Routed
------------------------------------------------------------------------------------------------------------------------------------------------------------------------------

Bus Skew Report

No bus skew constraints

