#-----------------------------------------------------------
# Vivado v2024.2 (64-bit)
# SW Build 5239630 on Fri Nov 08 22:35:27 MST 2024
# IP Build 5239520 on Sun Nov 10 16:12:51 MST 2024
# SharedData Build 5239561 on Fri Nov 08 14:39:27 MST 2024
# Start of session at: Sun Jul  6 14:21:08 2025
# Process ID         : 17568
# Current directory  : D:/Vivado/comparator_1bit/comparator_1bit.runs/synth_1
# Command line       : vivado.exe -log comparator_1bit.vds -product Vivado -mode batch -messageDb vivado.pb -notrace -source comparator_1bit.tcl
# Log file           : D:/Vivado/comparator_1bit/comparator_1bit.runs/synth_1/comparator_1bit.vds
# Journal file       : D:/Vivado/comparator_1bit/comparator_1bit.runs/synth_1\vivado.jou
# Running On         : Jagga
# Platform           : Windows Server 2016 or Windows 10
# Operating System   : 26100
# Processor Detail   : Intel(R) Core(TM) Ultra 7 155H
# CPU Frequency      : 2995 MHz
# CPU Physical cores : 16
# CPU Logical cores  : 22
# Host memory        : 16507 MB
# Swap memory        : 1073 MB
# Total Virtual      : 17581 MB
# Available Virtual  : 2857 MB
#-----------------------------------------------------------
source comparator_1bit.tcl -notrace
