Copyright 1986-2022 Xilinx, Inc. All Rights Reserved. Copyright 2022-2024 Advanced Micro Devices, Inc. All Rights Reserved.
---------------------------------------------------------------------------------------------------------------------------------------------------------------------
| Tool Version : Vivado v.2024.2 (win64) Build 5239630 Fri Nov 08 22:35:27 MST 2024
| Date         : Thu Jul 24 18:02:05 2025
| Host         : Jagga running 64-bit major release  (build 9200)
| Command      : report_bus_skew -warn_on_violation -file JK_flip_flop_bus_skew_routed.rpt -pb JK_flip_flop_bus_skew_routed.pb -rpx JK_flip_flop_bus_skew_routed.rpx
| Design       : JK_flip_flop
| Device       : 7a15t-csg325
| Speed File   : -2L  PRODUCTION 1.23 2018-06-13
| Design State : Routed
---------------------------------------------------------------------------------------------------------------------------------------------------------------------

Bus Skew Report

No bus skew constraints

