Copyright 1986-2022 Xilinx, Inc. All Rights Reserved. Copyright 2022-2024 Advanced Micro Devices, Inc. All Rights Reserved.
---------------------------------------------------------------------------------------------------------------------------------------------------------------------------------------------------------------------------------
| Tool Version : Vivado v.2024.2 (win64) Build 5239630 Fri Nov 08 22:35:27 MST 2024
| Date         : Sat Jul 26 18:33:03 2025
| Host         : Jagga running 64-bit major release  (build 9200)
| Command      : report_timing_summary -max_paths 10 -report_unconstrained -file Master_Slave_timing_summary_routed.rpt -pb Master_Slave_timing_summary_routed.pb -rpx Master_Slave_timing_summary_routed.rpx -warn_on_violation
| Design       : Master_Slave
| Device       : 7a50t-csg325
| Speed File   : -2L  PRODUCTION 1.23 2018-06-13
| Design State : Routed
---------------------------------------------------------------------------------------------------------------------------------------------------------------------------------------------------------------------------------

Timing Summary Report

------------------------------------------------------------------------------------------------
| Timer Settings
| --------------
------------------------------------------------------------------------------------------------

  Enable Multi Corner Analysis               :  Yes
  Enable Pessimism Removal                   :  Yes
  Pessimism Removal Resolution               :  Nearest Common Node
  Enable Input Delay Default Clock           :  No
  Enable Preset / Clear Arcs                 :  No
  Disable Flight Delays                      :  No
  Ignore I/O Paths                           :  No
  Timing Early Launch at Borrowing Latches   :  No
  Borrow Time for Max Delay Exceptions       :  Yes
  Merge Timing Exceptions                    :  Yes
  Inter-SLR Compensation                     :  Conservative

  Corner  Analyze    Analyze    
  Name    Max Paths  Min Paths  
  ------  ---------  ---------  
  Slow    Yes        Yes        
  Fast    Yes        Yes        


------------------------------------------------------------------------------------------------
| Report Methodology
| ------------------
------------------------------------------------------------------------------------------------

Rule       Severity  Description                     Violations  
---------  --------  ------------------------------  ----------  
TIMING-20  Warning   Non-clocked latch               2           
LATCH-1    Advisory  Existing latches in the design  1           

Note: This report is based on the most recent report_methodology run and may not be up-to-date. Run report_methodology on the current design for the latest report.



check_timing report

Table of Contents
-----------------
1. checking no_clock (2)
2. checking constant_clock (0)
3. checking pulse_width_clock (0)
4. checking unconstrained_internal_endpoints (2)
5. checking no_input_delay (1)
6. checking no_output_delay (2)
7. checking multiple_clock (0)
8. checking generated_clocks (0)
9. checking loops (0)
10. checking partial_input_delay (0)
11. checking partial_output_delay (0)
12. checking latch_loops (0)

1. checking no_clock (2)
------------------------
 There are 2 register/latch pins with no clock driven by root clock pin: clk (HIGH)


2. checking constant_clock (0)
------------------------------
 There are 0 register/latch pins with constant_clock.


3. checking pulse_width_clock (0)
---------------------------------
 There are 0 register/latch pins which need pulse_width check


4. checking unconstrained_internal_endpoints (2)
------------------------------------------------
 There are 2 pins that are not constrained for maximum delay. (HIGH)

 There are 0 pins that are not constrained for maximum delay due to constant clock.


5. checking no_input_delay (1)
------------------------------
 There is 1 input port with no input delay specified. (HIGH)

 There are 0 input ports with no input delay but user has a false path constraint.


6. checking no_output_delay (2)
-------------------------------
 There are 2 ports with no output delay specified. (HIGH)

 There are 0 ports with no output delay but user has a false path constraint

 There are 0 ports with no output delay but with a timing clock defined on it or propagating through it


7. checking multiple_clock (0)
------------------------------
 There are 0 register/latch pins with multiple clocks.


8. checking generated_clocks (0)
--------------------------------
 There are 0 generated clocks that are not connected to a clock source.


9. checking loops (0)
---------------------
 There are 0 combinational loops in the design.


10. checking partial_input_delay (0)
------------------------------------
 There are 0 input ports with partial input delay specified.


11. checking partial_output_delay (0)
-------------------------------------
 There are 0 ports with partial output delay specified.


12. checking latch_loops (0)
----------------------------
 There are 0 combinational latch loops in the design through latch input



------------------------------------------------------------------------------------------------
| Design Timing Summary
| ---------------------
------------------------------------------------------------------------------------------------

    WNS(ns)      TNS(ns)  TNS Failing Endpoints  TNS Total Endpoints      WHS(ns)      THS(ns)  THS Failing Endpoints  THS Total Endpoints     WPWS(ns)     TPWS(ns)  TPWS Failing Endpoints  TPWS Total Endpoints  
    -------      -------  ---------------------  -------------------      -------      -------  ---------------------  -------------------     --------     --------  ----------------------  --------------------  
        inf        0.000                      0                    4          inf        0.000                      0                    4           NA           NA                      NA                    NA  


There are no user specified timing constraints.


------------------------------------------------------------------------------------------------
| Clock Summary
| -------------
------------------------------------------------------------------------------------------------


------------------------------------------------------------------------------------------------
| Intra Clock Table
| -----------------
------------------------------------------------------------------------------------------------

Clock             WNS(ns)      TNS(ns)  TNS Failing Endpoints  TNS Total Endpoints      WHS(ns)      THS(ns)  THS Failing Endpoints  THS Total Endpoints     WPWS(ns)     TPWS(ns)  TPWS Failing Endpoints  TPWS Total Endpoints  
-----             -------      -------  ---------------------  -------------------      -------      -------  ---------------------  -------------------     --------     --------  ----------------------  --------------------  


------------------------------------------------------------------------------------------------
| Inter Clock Table
| -----------------
------------------------------------------------------------------------------------------------

From Clock    To Clock          WNS(ns)      TNS(ns)  TNS Failing Endpoints  TNS Total Endpoints      WHS(ns)      THS(ns)  THS Failing Endpoints  THS Total Endpoints  
----------    --------          -------      -------  ---------------------  -------------------      -------      -------  ---------------------  -------------------  


------------------------------------------------------------------------------------------------
| Other Path Groups Table
| -----------------------
------------------------------------------------------------------------------------------------

Path Group    From Clock    To Clock          WNS(ns)      TNS(ns)  TNS Failing Endpoints  TNS Total Endpoints      WHS(ns)      THS(ns)  THS Failing Endpoints  THS Total Endpoints  
----------    ----------    --------          -------      -------  ---------------------  -------------------      -------      -------  ---------------------  -------------------  


------------------------------------------------------------------------------------------------
| User Ignored Path Table
| -----------------------
------------------------------------------------------------------------------------------------

Path Group    From Clock    To Clock    
----------    ----------    --------    


------------------------------------------------------------------------------------------------
| Unconstrained Path Table
| ------------------------
------------------------------------------------------------------------------------------------

Path Group    From Clock    To Clock    
----------    ----------    --------    
(none)                                    


------------------------------------------------------------------------------------------------
| Timing Details
| --------------
------------------------------------------------------------------------------------------------


--------------------------------------------------------------------------------------
Path Group:  (none)
From Clock:  
  To Clock:  

Max Delay             4 Endpoints
Min Delay             4 Endpoints
--------------------------------------------------------------------------------------


Max Delay Paths
--------------------------------------------------------------------------------------
Slack:                    inf
  Source:                 Slave/Q_reg/G
                            (positive level-sensitive latch)
  Destination:            Qn
                            (output port)
  Path Group:             (none)
  Path Type:              Max at Slow Process Corner
  Data Path Delay:        4.763ns  (logic 2.967ns (62.306%)  route 1.795ns (37.694%))
  Logic Levels:           3  (LDCE=1 LUT1=1 OBUF=1)

    Location             Delay type                Incr(ns)  Path(ns)    Netlist Resource(s)
  -------------------------------------------------------------------    -------------------
    SLICE_X0Y1           LDCE                         0.000     0.000 r  Slave/Q_reg/G
    SLICE_X0Y1           LDCE (EnToQ_ldce_G_Q)        0.469     0.469 f  Slave/Q_reg/Q
                         net (fo=2, routed)           0.418     0.887    Slave/Q_OBUF
    SLICE_X0Y1           LUT1 (Prop_lut1_I0_O)        0.105     0.992 r  Slave/Qn_OBUF_inst_i_1/O
                         net (fo=1, routed)           1.377     2.369    Qn_OBUF
    U9                   OBUF (Prop_obuf_I_O)         2.393     4.763 r  Qn_OBUF_inst/O
                         net (fo=0)                   0.000     4.763    Qn
    U9                                                                r  Qn (OUT)
  -------------------------------------------------------------------    -------------------

Slack:                    inf
  Source:                 Slave/Q_reg/G
                            (positive level-sensitive latch)
  Destination:            Q
                            (output port)
  Path Group:             (none)
  Path Type:              Max at Slow Process Corner
  Data Path Delay:        4.138ns  (logic 2.866ns (69.263%)  route 1.272ns (30.737%))
  Logic Levels:           2  (LDCE=1 OBUF=1)

    Location             Delay type                Incr(ns)  Path(ns)    Netlist Resource(s)
  -------------------------------------------------------------------    -------------------
    SLICE_X0Y1           LDCE                         0.000     0.000 r  Slave/Q_reg/G
    SLICE_X0Y1           LDCE (EnToQ_ldce_G_Q)        0.469     0.469 r  Slave/Q_reg/Q
                         net (fo=2, routed)           1.272     1.741    Q_OBUF
    V9                   OBUF (Prop_obuf_I_O)         2.397     4.138 r  Q_OBUF_inst/O
                         net (fo=0)                   0.000     4.138    Q
    V9                                                                r  Q (OUT)
  -------------------------------------------------------------------    -------------------

Slack:                    inf
  Source:                 D
                            (input port)
  Destination:            Master/Q_reg/D
  Path Group:             (none)
  Path Type:              Max at Slow Process Corner
  Data Path Delay:        1.501ns  (logic 0.894ns (59.580%)  route 0.607ns (40.420%))
  Logic Levels:           1  (IBUF=1)

    Location             Delay type                Incr(ns)  Path(ns)    Netlist Resource(s)
  -------------------------------------------------------------------    -------------------
    U10                                               0.000     0.000 r  D (IN)
                         net (fo=0)                   0.000     0.000    D
    U10                  IBUF (Prop_ibuf_I_O)         0.894     0.894 r  D_IBUF_inst/O
                         net (fo=1, routed)           0.607     1.501    Master/D_IBUF
    SLICE_X0Y0           LDCE                                         r  Master/Q_reg/D
  -------------------------------------------------------------------    -------------------

Slack:                    inf
  Source:                 Master/Q_reg/G
                            (positive level-sensitive latch)
  Destination:            Slave/Q_reg/D
  Path Group:             (none)
  Path Type:              Max at Slow Process Corner
  Data Path Delay:        0.729ns  (logic 0.464ns (63.651%)  route 0.265ns (36.349%))
  Logic Levels:           1  (LDCE=1)

    Location             Delay type                Incr(ns)  Path(ns)    Netlist Resource(s)
  -------------------------------------------------------------------    -------------------
    SLICE_X0Y0           LDCE                         0.000     0.000 r  Master/Q_reg/G
    SLICE_X0Y0           LDCE (EnToQ_ldce_G_Q)        0.464     0.464 r  Master/Q_reg/Q
                         net (fo=1, routed)           0.265     0.729    Slave/Q1
    SLICE_X0Y1           LDCE                                         r  Slave/Q_reg/D
  -------------------------------------------------------------------    -------------------





Min Delay Paths
--------------------------------------------------------------------------------------
Slack:                    inf
  Source:                 Master/Q_reg/G
                            (positive level-sensitive latch)
  Destination:            Slave/Q_reg/D
  Path Group:             (none)
  Path Type:              Min at Fast Process Corner
  Data Path Delay:        0.277ns  (logic 0.158ns (57.045%)  route 0.119ns (42.955%))
  Logic Levels:           1  (LDCE=1)

    Location             Delay type                Incr(ns)  Path(ns)    Netlist Resource(s)
  -------------------------------------------------------------------    -------------------
    SLICE_X0Y0           LDCE                         0.000     0.000 r  Master/Q_reg/G
    SLICE_X0Y0           LDCE (EnToQ_ldce_G_Q)        0.158     0.158 r  Master/Q_reg/Q
                         net (fo=1, routed)           0.119     0.277    Slave/Q1
    SLICE_X0Y1           LDCE                                         r  Slave/Q_reg/D
  -------------------------------------------------------------------    -------------------

Slack:                    inf
  Source:                 D
                            (input port)
  Destination:            Master/Q_reg/D
  Path Group:             (none)
  Path Type:              Min at Fast Process Corner
  Data Path Delay:        0.483ns  (logic 0.191ns (39.584%)  route 0.292ns (60.416%))
  Logic Levels:           1  (IBUF=1)

    Location             Delay type                Incr(ns)  Path(ns)    Netlist Resource(s)
  -------------------------------------------------------------------    -------------------
    U10                                               0.000     0.000 r  D (IN)
                         net (fo=0)                   0.000     0.000    D
    U10                  IBUF (Prop_ibuf_I_O)         0.191     0.191 r  D_IBUF_inst/O
                         net (fo=1, routed)           0.292     0.483    Master/D_IBUF
    SLICE_X0Y0           LDCE                                         r  Master/Q_reg/D
  -------------------------------------------------------------------    -------------------

Slack:                    inf
  Source:                 Slave/Q_reg/G
                            (positive level-sensitive latch)
  Destination:            Q
                            (output port)
  Path Group:             (none)
  Path Type:              Min at Fast Process Corner
  Data Path Delay:        1.620ns  (logic 1.330ns (82.107%)  route 0.290ns (17.893%))
  Logic Levels:           2  (LDCE=1 OBUF=1)

    Location             Delay type                Incr(ns)  Path(ns)    Netlist Resource(s)
  -------------------------------------------------------------------    -------------------
    SLICE_X0Y1           LDCE                         0.000     0.000 r  Slave/Q_reg/G
    SLICE_X0Y1           LDCE (EnToQ_ldce_G_Q)        0.163     0.163 r  Slave/Q_reg/Q
                         net (fo=2, routed)           0.290     0.453    Q_OBUF
    V9                   OBUF (Prop_obuf_I_O)         1.167     1.620 r  Q_OBUF_inst/O
                         net (fo=0)                   0.000     1.620    Q
    V9                                                                r  Q (OUT)
  -------------------------------------------------------------------    -------------------

Slack:                    inf
  Source:                 Slave/Q_reg/G
                            (positive level-sensitive latch)
  Destination:            Qn
                            (output port)
  Path Group:             (none)
  Path Type:              Min at Fast Process Corner
  Data Path Delay:        1.861ns  (logic 1.371ns (73.708%)  route 0.489ns (26.292%))
  Logic Levels:           3  (LDCE=1 LUT1=1 OBUF=1)

    Location             Delay type                Incr(ns)  Path(ns)    Netlist Resource(s)
  -------------------------------------------------------------------    -------------------
    SLICE_X0Y1           LDCE                         0.000     0.000 r  Slave/Q_reg/G
    SLICE_X0Y1           LDCE (EnToQ_ldce_G_Q)        0.163     0.163 f  Slave/Q_reg/Q
                         net (fo=2, routed)           0.178     0.341    Slave/Q_OBUF
    SLICE_X0Y1           LUT1 (Prop_lut1_I0_O)        0.045     0.386 r  Slave/Qn_OBUF_inst_i_1/O
                         net (fo=1, routed)           0.311     0.697    Qn_OBUF
    U9                   OBUF (Prop_obuf_I_O)         1.163     1.861 r  Qn_OBUF_inst/O
                         net (fo=0)                   0.000     1.861    Qn
    U9                                                                r  Qn (OUT)
  -------------------------------------------------------------------    -------------------





